---
source: crates/runa-fit/src/verdict.rs
expression: format_report(&report)
---
Verdict: FITS GPU
Exit code: 0

Memory:
  GPU weights:  73.0 MiB
  CPU weights:  0.0 MiB
  Compute buf:  171.3 MiB
  KV cache:     48.0 MiB
  mmproj:       0.0 MiB
  lora:         0.0 MiB
  encoder:      0.0 MiB
  GPU total:    292.3 MiB
  media tokens: 0

GPU decode:  5307.6 tok/s  |  prefill: 5307.6 tok/s  |  TTFT: 0.19s
CPU decode:  245.7 tok/s  |  prefill: 245.7 tok/s  |  TTFT: 4.17s
